<html>
<body>
<pre>
<h1>µVision Build Log</h1>
<h2>Project:</h2>
E:\inemoadkproject\iNEMO-accessory\firmware\FreeRTOSv7.0.2\Demo\CORTEX_STM32F103_Keil\ADKPing.uvproj
Project File Date:  05/23/2012

<h2>Output:</h2>
Rebuild target 'Target 1'
assembling STM32F10x.s...
assembling cortexm3_macro_rvds.s...
compiling stm32f10x_adc.c...
compiling stm32f10x_dma.c...
compiling stm32f10x_gpio.c...
compiling stm32f10x_nvic.c...
compiling stm32f10x_rcc.c...
compiling stm32f10x_spi.c...
compiling stm32f10x_systick.c...
compiling stm32f10x_tim.c...
compiling stm32f10x_usart.c...
compiling stm32f10x_lib.c...
compiling stm32f10x_i2c.c...
compiling iNEMO_util.c...
compiling serial.c...
compiling Max3421e.c...
compiling Usb.c...
USB_Host_Shield\Usb.c(37): warning:  #550-D: variable "usb_error" was set but never used
compiling AndroidAccessory.c...
compiling main.c...
.\CommunicationManager\comManager.h(211): warning:  #1295-D: Deprecated declaration GetAhrs - give arg types
.\CommunicationManager\comManager.h(212): warning:  #1295-D: Deprecated declaration GetRawData - give arg types
.\CommunicationManager\comManager.h(214): warning:  #1295-D: Deprecated declaration GetOutMode - give arg types
iNEMO_task\main.c(58): warning:  #177-D: variable "err" was declared but never referenced
compiling comManager.c...
CommunicationManager\comManager.h(211): warning:  #1295-D: Deprecated declaration GetAhrs - give arg types
CommunicationManager\comManager.h(212): warning:  #1295-D: Deprecated declaration GetRawData - give arg types
CommunicationManager\comManager.h(214): warning:  #1295-D: Deprecated declaration GetOutMode - give arg types
compiling tasks.c...
compiling list.c...
compiling queue.c...
compiling port.c...
compiling heap_2.c...
compiling STLM75.c...
compiling LSM303DLH.c...
compiling iNEMO_lib.c...
compiling utils.c...
linking...
Program Size: Code=29400 RO-data=332 RW-data=148 ZI-data=18492  
"ADKPing.axf" - 0 Error(s), 8 Warning(s).
Clean started: Project: 'ADKPing'
   deleting intermediate output files for target 'Target 1'
