<html>
<body>
<pre>
<h1>µVision Build Log</h1>
<h2>Project:</h2>
C:\Documents and Settings\david siorpaes\Desktop\ADK\ADK-code\adkping\iNEMO-accessory\FreeRTOSv7.0.2\Demo\CORTEX_STM32F103_Keil\RTOSDemo.uvproj
Project File Date:  10/04/2011

<h2>Output:</h2>
Build target 'Target 1'
linking...
Program Size: Code=17710 RO-data=306 RW-data=164 ZI-data=18620  
"RTOSDemo.axf" - 0 Error(s), 0 Warning(s).
Clean started: Project: 'RTOSDemo'
   deleting intermediate output files for target 'Target 1'
Build target 'Target 1'
assembling STM32F10x.s...
assembling cortexm3_macro_rvds.s...
compiling stm32f10x_usart.c...
compiling stm32f10x_gpio.c...
compiling stm32f10x_lib.c...
compiling stm32f10x_nvic.c...
compiling stm32f10x_rcc.c...
compiling stm32f10x_spi.c...
compiling stm32f10x_systick.c...
compiling stm32f10x_tim.c...
compiling inemoutil.c...
compiling ParTest.c...
compiling serial.c...
compiling main.c...
main.c(143): warning:  #111-D: statement is unreachable
main.c:         max3421e();
main.c:         ^
main.c: main.c: 1 warning, 0 errors
compiling spi_flash.c...
compiling semtest.c...
compiling BlockQ.c...
compiling blocktim.c...
compiling comtest.c...
compiling death.c...
compiling flash.c...
compiling integer.c...
compiling PollQ.c...
compiling Max3421e.c...
compiling Usb.c...
USB_Host_Shield\Usb.c(105): warning:  #223-D: function "memset" declared implicitly
USB_Host_Shield\Usb.c:          memset(address, 0, sizeof(SETUP_PKT));
USB_Host_Shield\Usb.c:          ^
USB_Host_Shield\Usb.c(35): warning:  #550-D: variable "usb_error" was set but never used
USB_Host_Shield\Usb.c:   static byte usb_error = 0;
USB_Host_Shield\Usb.c:               ^
USB_Host_Shield\Usb.c: USB_Host_Shield\Usb.c: 2 warnings, 0 errors
compiling AndroidAccessory.c...
compiling tasks.c...
compiling list.c...
compiling queue.c...
compiling port.c...
compiling heap_2.c...
linking...
Program Size: Code=17710 RO-data=306 RW-data=164 ZI-data=18620  
"RTOSDemo.axf" - 0 Error(s), 3 Warning(s).
Build target 'Target 1'
compiling inemoutil.c...
linking...
Program Size: Code=17714 RO-data=306 RW-data=164 ZI-data=18620  
"RTOSDemo.axf" - 0 Error(s), 0 Warning(s).
Load "C:\\Documents and Settings\\david siorpaes\\Desktop\\ADK\\ADK-code\\adkping\\iNEMO-accessory\\FreeRTOSv7.0.2\\Demo\\CORTEX_STM32F103_Keil\\RTOSDemo.AXF" 
Set JLink Project File to "C:\Documents and Settings\david siorpaes\Desktop\ADK\ADK-code\adkping\iNEMO-accessory\FreeRTOSv7.0.2\Demo\CORTEX_STM32F103_Keil\JLinkSettings.ini"
 
JLink info:
------------
DLL: V4.15n, compiled Jun 18 2010 19:55:09
Firmware: J-Link ARM V8 compiled Dec 16 2010 20:21:29
Hardware: V8.00
S/N : 58002888 
 
* JLink Info: TotalIRLen = 9, IRPrint = 0x0011
* JLink Info: Found Cortex-M3 r1p1, Little endian.
* JLink Info: TPIU fitted.
* JLink Info: ETM fitted.
* JLink Info:   FPUnit: 6 code (BP) slots and 2 literal slots
ROMTableAddr = 0xE00FF003
 
Target info:
------------
Device: STM32F103RB
VTarget = 3.267V
State of Pins: 
TCK: 1, TDI: 0, TDO: 1, TMS: 0, TRES: 1, TRST: 1
* JLink Info: TotalIRLen = 9, IRPrint = 0x0011
* JLink Info: Found Cortex-M3 r1p1, Little endian.
* JLink Info: TPIU fitted.
* JLink Info: ETM fitted.
* JLink Info:   FPUnit: 6 code (BP) slots and 2 literal slots
Hardware-Breakpoints: 6
Software-Breakpoints: 2048
Watchpoints:          4
JTAG speed: 2000 kHz
 
Erase Done.
Programming Done.
Verify OK.
Build target 'Target 1'
compiling main.c...
main.c(133): error:  #268: declaration may not appear after executable statement in block
main.c:         unsigned int val = 0;
main.c:         ^
main.c(144): warning:  #111-D: statement is unreachable
main.c:         max3421e();
main.c:         ^
main.c: main.c: 1 warning, 1 error
Target not created
Load "C:\\Documents and Settings\\david siorpaes\\Desktop\\ADK\\ADK-code\\adkping\\iNEMO-accessory\\FreeRTOSv7.0.2\\Demo\\CORTEX_STM32F103_Keil\\RTOSDemo.AXF" 
_____^
*** error 56: cant open file
Build target 'Target 1'
compiling main.c...
main.c(133): error:  #268: declaration may not appear after executable statement in block
main.c:         unsigned int val = 0;
main.c:         ^
main.c(144): warning:  #111-D: statement is unreachable
main.c:         max3421e();
main.c:         ^
main.c: main.c: 1 warning, 1 error
Target not created
Load "C:\\Documents and Settings\\david siorpaes\\Desktop\\ADK\\ADK-code\\adkping\\iNEMO-accessory\\FreeRTOSv7.0.2\\Demo\\CORTEX_STM32F103_Keil\\RTOSDemo.AXF" 
_____^
*** error 56: cant open file
Build target 'Target 1'
compiling main.c...
main.c(144): warning:  #111-D: statement is unreachable
main.c:         max3421e();
main.c:         ^
main.c: main.c: 1 warning, 0 errors
linking...
Program Size: Code=17714 RO-data=306 RW-data=164 ZI-data=18620  
"RTOSDemo.axf" - 0 Error(s), 1 Warning(s).
Load "C:\\Documents and Settings\\david siorpaes\\Desktop\\ADK\\ADK-code\\adkping\\iNEMO-accessory\\FreeRTOSv7.0.2\\Demo\\CORTEX_STM32F103_Keil\\RTOSDemo.AXF" 
Set JLink Project File to "C:\Documents and Settings\david siorpaes\Desktop\ADK\ADK-code\adkping\iNEMO-accessory\FreeRTOSv7.0.2\Demo\CORTEX_STM32F103_Keil\JLinkSettings.ini"
 
JLink info:
------------
DLL: V4.15n, compiled Jun 18 2010 19:55:09
Firmware: J-Link ARM V8 compiled Dec 16 2010 20:21:29
Hardware: V8.00
S/N : 58002888 
 
* JLink Info: TotalIRLen = 9, IRPrint = 0x0011
* JLink Info: Found Cortex-M3 r1p1, Little endian.
* JLink Info: TPIU fitted.
* JLink Info: ETM fitted.
* JLink Info:   FPUnit: 6 code (BP) slots and 2 literal slots
ROMTableAddr = 0xE00FF003
 
Target info:
------------
Device: STM32F103RB
VTarget = 3.261V
State of Pins: 
TCK: 1, TDI: 0, TDO: 1, TMS: 0, TRES: 1, TRST: 1
* JLink Info: TotalIRLen = 9, IRPrint = 0x0011
* JLink Info: Found Cortex-M3 r1p1, Little endian.
* JLink Info: TPIU fitted.
* JLink Info: ETM fitted.
* JLink Info:   FPUnit: 6 code (BP) slots and 2 literal slots
Hardware-Breakpoints: 6
Software-Breakpoints: 2048
Watchpoints:          4
JTAG speed: 2000 kHz
 
Erase Done.
Programming Done.
Verify OK.
Build target 'Target 1'
compiling main.c...
main.c(144): warning:  #111-D: statement is unreachable
main.c:         max3421e();
main.c:         ^
main.c: main.c: 1 warning, 0 errors
linking...
Program Size: Code=17714 RO-data=306 RW-data=164 ZI-data=18620  
"RTOSDemo.axf" - 0 Error(s), 1 Warning(s).
Build target 'Target 1'
compiling AndroidAccessory.c...
linking...
Program Size: Code=17770 RO-data=306 RW-data=164 ZI-data=18620  
"RTOSDemo.axf" - 0 Error(s), 0 Warning(s).
Load "C:\\Documents and Settings\\david siorpaes\\Desktop\\ADK\\ADK-code\\adkping\\iNEMO-accessory\\FreeRTOSv7.0.2\\Demo\\CORTEX_STM32F103_Keil\\RTOSDemo.AXF" 
Set JLink Project File to "C:\Documents and Settings\david siorpaes\Desktop\ADK\ADK-code\adkping\iNEMO-accessory\FreeRTOSv7.0.2\Demo\CORTEX_STM32F103_Keil\JLinkSettings.ini"
 
JLink info:
------------
DLL: V4.15n, compiled Jun 18 2010 19:55:09
Firmware: J-Link ARM V8 compiled Dec 16 2010 20:21:29
Hardware: V8.00
S/N : 58002888 
 
* JLink Info: TotalIRLen = 9, IRPrint = 0x0011
* JLink Info: Found Cortex-M3 r1p1, Little endian.
* JLink Info: TPIU fitted.
* JLink Info: ETM fitted.
* JLink Info:   FPUnit: 6 code (BP) slots and 2 literal slots
ROMTableAddr = 0xE00FF003
 
Target info:
------------
Device: STM32F103RB
VTarget = 3.267V
State of Pins: 
TCK: 1, TDI: 0, TDO: 1, TMS: 0, TRES: 1, TRST: 1
* JLink Info: TotalIRLen = 9, IRPrint = 0x0011
* JLink Info: Found Cortex-M3 r1p1, Little endian.
* JLink Info: TPIU fitted.
* JLink Info: ETM fitted.
* JLink Info:   FPUnit: 6 code (BP) slots and 2 literal slots
Hardware-Breakpoints: 6
Software-Breakpoints: 2048
Watchpoints:          4
JTAG speed: 2000 kHz
 
Erase Done.
Programming Done.
Verify OK.
